USAGE (for: `fm read`)

    fm read [option]
    fm read [options] [arg: file]

ARGUMENTS

    file
        (no description)

OPTIONS

    -h, --help
        Show this menu.
    -v, --version
        Show this CLI's version.

    -D, --dry-run
        Check if the file exists before reading.
    -L
        Add an extra log value.