Passed in arg: Supppppp
Greeted from the main command.
Log value: Sup