File Manager (with options) - Woop woop file manager with options

USAGE

    fm [option]
    fm [subcommand]

SUBCOMMANDS

    read
        Read a file.

OPTIONS

    -h, --help
        Show this menu.
    -v, --version
        Show this CLI's version.