[31m[ERROR] [39mSubcommand 'read' used incorrectly. Error(s) found:

  * Option '-D, --dry-run' was provided more than once

USAGE (for: `fm read`)

    fm read [option]
    fm read [options] [arg: file]

    Run `fm read --help` for more information.