[31m[ERROR] [39mSubcommand 'delete' used incorrectly. Error(s) found:

  * Unknown argument(s) provided: -D, some_file.txt.

USAGE (for: `fm delete`)

    fm delete [option]
    fm delete [options] [arg: file]