File Manager - A file manager.

USAGE

    fm [option]
    fm [subcommand]

SUBCOMMANDS

    read
        Read a file.
    write
        Write contents to a file.
    delete
        Delete a file.

OPTIONS

    -h, --help
        Show this menu.
    -v, --version
        Show this CLI's version.