[31m[ERROR] [39mSubcommand 'read' used incorrectly. Error(s) found:

  * Unknown argument(s) provided: tests/integration/file_manager/expected_outputs/test.

USAGE (for: `fm read`)

    fm read [option]
    fm read [options] [arg: file]