[31m[ERROR] [39mSubcommand 'read' used incorrectly. Error(s) found:

  * Unknown argument(s) provided: -D, test.

USAGE (for: `fm read`)

    fm read [option]
    fm read [options] [arg: file]

    Run `fm read --help` for more information.