[31m[ERROR] [39mSubcommand 'write' used incorrectly. Error(s) found:

  * Argument 'contents' is missing

USAGE (for: `fm write`)

    fm write [option]
    fm write [options] [arg: file] [arg: contents]

    Run `fm write --help` for more information.