[31m[ERROR] [39mSubcommand 'write' used incorrectly. Error(s) found:

  * Unknown argument(s) provided: contents.

USAGE (for: `fm write`)

    fm write [option]
    fm write [options] [arg: file] [arg: contents]