USAGE (for: `fm write`)

    fm write [option]
    fm write [options] [arg: file] [arg: contents]

ARGUMENTS

    file
        (no description)
    contents
        (no description)

OPTIONS

    -h, --help
        Show this menu.
    -v, --version
        Show this CLI's version.