[31m[ERROR] [39mSubcommand 'write' used incorrectly. Error(s) found:

  * Argument 'contents' is missing
  * Argument 'file' is missing

USAGE (for: `fm write`)

    fm write [option]
    fm write [options] [arg: file] [arg: contents]