USAGE (for: `fm delete`)

    fm delete [option]
    fm delete [options] [arg: file]

ARGUMENTS

    file
        (no description)

OPTIONS

    -h, --help
        Show this menu.
    -v, --version
        Show this CLI's version.